Archive member included to satisfy reference by file (symbol)

/Applications/STM32CubeIDE.app/Contents/Eclipse/plugins/com.st.stm32cube.ide.mcu.externaltools.gnu-tools-for-stm32.11.3.rel1.macos64_1.1.100.202310310803/tools/bin/../lib/gcc/arm-none-eabi/11.3.1/../../../../arm-none-eabi/lib/thumb/v7e-m+fp/hard/libc_nano.a(libc_a-exit.o)
                              /Applications/STM32CubeIDE.app/Contents/Eclipse/plugins/com.st.stm32cube.ide.mcu.externaltools.gnu-tools-for-stm32.11.3.rel1.macos64_1.1.100.202310310803/tools/bin/../lib/gcc/arm-none-eabi/11.3.1/../../../../arm-none-eabi/lib/thumb/v7e-m+fp/hard/crt0.o (exit)
/Applications/STM32CubeIDE.app/Contents/Eclipse/plugins/com.st.stm32cube.ide.mcu.externaltools.gnu-tools-for-stm32.11.3.rel1.macos64_1.1.100.202310310803/tools/bin/../lib/gcc/arm-none-eabi/11.3.1/../../../../arm-none-eabi/lib/thumb/v7e-m+fp/hard/libc_nano.a(libc_a-findfp.o)
                              /Applications/STM32CubeIDE.app/Contents/Eclipse/plugins/com.st.stm32cube.ide.mcu.externaltools.gnu-tools-for-stm32.11.3.rel1.macos64_1.1.100.202310310803/tools/bin/../lib/gcc/arm-none-eabi/11.3.1/../../../../arm-none-eabi/lib/thumb/v7e-m+fp/hard/libc_nano.a(libc_a-exit.o) (__stdio_exit_handler)
/Applications/STM32CubeIDE.app/Contents/Eclipse/plugins/com.st.stm32cube.ide.mcu.externaltools.gnu-tools-for-stm32.11.3.rel1.macos64_1.1.100.202310310803/tools/bin/../lib/gcc/arm-none-eabi/11.3.1/../../../../arm-none-eabi/lib/thumb/v7e-m+fp/hard/libc_nano.a(libc_a-fwalk.o)
                              /Applications/STM32CubeIDE.app/Contents/Eclipse/plugins/com.st.stm32cube.ide.mcu.externaltools.gnu-tools-for-stm32.11.3.rel1.macos64_1.1.100.202310310803/tools/bin/../lib/gcc/arm-none-eabi/11.3.1/../../../../arm-none-eabi/lib/thumb/v7e-m+fp/hard/libc_nano.a(libc_a-findfp.o) (_fwalk_sglue)
/Applications/STM32CubeIDE.app/Contents/Eclipse/plugins/com.st.stm32cube.ide.mcu.externaltools.gnu-tools-for-stm32.11.3.rel1.macos64_1.1.100.202310310803/tools/bin/../lib/gcc/arm-none-eabi/11.3.1/../../../../arm-none-eabi/lib/thumb/v7e-m+fp/hard/libc_nano.a(libc_a-memset.o)
                              /Applications/STM32CubeIDE.app/Contents/Eclipse/plugins/com.st.stm32cube.ide.mcu.externaltools.gnu-tools-for-stm32.11.3.rel1.macos64_1.1.100.202310310803/tools/bin/../lib/gcc/arm-none-eabi/11.3.1/../../../../arm-none-eabi/lib/thumb/v7e-m+fp/hard/crt0.o (memset)
/Applications/STM32CubeIDE.app/Contents/Eclipse/plugins/com.st.stm32cube.ide.mcu.externaltools.gnu-tools-for-stm32.11.3.rel1.macos64_1.1.100.202310310803/tools/bin/../lib/gcc/arm-none-eabi/11.3.1/../../../../arm-none-eabi/lib/thumb/v7e-m+fp/hard/libc_nano.a(libc_a-impure.o)
                              /Applications/STM32CubeIDE.app/Contents/Eclipse/plugins/com.st.stm32cube.ide.mcu.externaltools.gnu-tools-for-stm32.11.3.rel1.macos64_1.1.100.202310310803/tools/bin/../lib/gcc/arm-none-eabi/11.3.1/../../../../arm-none-eabi/lib/thumb/v7e-m+fp/hard/libc_nano.a(libc_a-findfp.o) (_impure_data)
/Applications/STM32CubeIDE.app/Contents/Eclipse/plugins/com.st.stm32cube.ide.mcu.externaltools.gnu-tools-for-stm32.11.3.rel1.macos64_1.1.100.202310310803/tools/bin/../lib/gcc/arm-none-eabi/11.3.1/../../../../arm-none-eabi/lib/thumb/v7e-m+fp/hard/libc_nano.a(libc_a-errno.o)
                              ./Core/Src/syscalls.o (__errno)
/Applications/STM32CubeIDE.app/Contents/Eclipse/plugins/com.st.stm32cube.ide.mcu.externaltools.gnu-tools-for-stm32.11.3.rel1.macos64_1.1.100.202310310803/tools/bin/../lib/gcc/arm-none-eabi/11.3.1/../../../../arm-none-eabi/lib/thumb/v7e-m+fp/hard/libc_nano.a(libc_a-init.o)
                              /Applications/STM32CubeIDE.app/Contents/Eclipse/plugins/com.st.stm32cube.ide.mcu.externaltools.gnu-tools-for-stm32.11.3.rel1.macos64_1.1.100.202310310803/tools/bin/../lib/gcc/arm-none-eabi/11.3.1/../../../../arm-none-eabi/lib/thumb/v7e-m+fp/hard/crt0.o (__libc_init_array)
/Applications/STM32CubeIDE.app/Contents/Eclipse/plugins/com.st.stm32cube.ide.mcu.externaltools.gnu-tools-for-stm32.11.3.rel1.macos64_1.1.100.202310310803/tools/bin/../lib/gcc/arm-none-eabi/11.3.1/../../../../arm-none-eabi/lib/thumb/v7e-m+fp/hard/libc_nano.a(libc_a-lock.o)
                              /Applications/STM32CubeIDE.app/Contents/Eclipse/plugins/com.st.stm32cube.ide.mcu.externaltools.gnu-tools-for-stm32.11.3.rel1.macos64_1.1.100.202310310803/tools/bin/../lib/gcc/arm-none-eabi/11.3.1/../../../../arm-none-eabi/lib/thumb/v7e-m+fp/hard/libc_nano.a(libc_a-findfp.o) (__retarget_lock_init_recursive)
/Applications/STM32CubeIDE.app/Contents/Eclipse/plugins/com.st.stm32cube.ide.mcu.externaltools.gnu-tools-for-stm32.11.3.rel1.macos64_1.1.100.202310310803/tools/bin/../lib/gcc/arm-none-eabi/11.3.1/../../../../arm-none-eabi/lib/thumb/v7e-m+fp/hard/libc_nano.a(libc_a-mallocr.o)
[...]
Memory Configuration

Name             Origin             Length             Attributes
RAM              0x0000000020000000 0x0000000000020000 xrw
FLASH            0x0000000008000000 0x0000000000080000 xr
*default*        0x0000000000000000 0xffffffffffffffff

Linker script and memory map

LOAD /Applications/STM32CubeIDE.app/Contents/Eclipse/plugins/com.st.stm32cube.ide.mcu.externaltools.gnu-tools-for-stm32.11.3.rel1.macos64_1.1.100.202310310803/tools/bin/../lib/gcc/arm-none-eabi/11.3.1/thumb/v7e-m+fp/hard/crti.o
LOAD /Applications/STM32CubeIDE.app/Contents/Eclipse/plugins/com.st.stm32cube.ide.mcu.externaltools.gnu-tools-for-stm32.11.3.rel1.macos64_1.1.100.202310310803/tools/bin/../lib/gcc/arm-none-eabi/11.3.1/thumb/v7e-m+fp/hard/crtbegin.o
LOAD /Applications/STM32CubeIDE.app/Contents/Eclipse/plugins/com.st.stm32cube.ide.mcu.externaltools.gnu-tools-for-stm32.11.3.rel1.macos64_1.1.100.202310310803/tools/bin/../lib/gcc/arm-none-eabi/11.3.1/../../../../arm-none-eabi/lib/thumb/v7e-m+fp/hard/crt0.o
LOAD ./Core/Src/main.o
LOAD ./Core/Src/stm32g4xx_hal_msp.o
LOAD ./Core/Src/stm32g4xx_it.o
LOAD ./Core/Src/syscalls.o
LOAD ./Core/Src/sysmem.o
LOAD ./Core/Src/system_stm32g4xx.o
LOAD ./Core/Startup/startup_stm32g474retx.o
LOAD ./Drivers/STM32G4xx_HAL_Driver/Src/stm32g4xx_hal.o
LOAD ./Drivers/STM32G4xx_HAL_Driver/Src/stm32g4xx_hal_adc.o
LOAD ./Drivers/STM32G4xx_HAL_Driver/Src/stm32g4xx_hal_adc_ex.o
LOAD ./Drivers/STM32G4xx_HAL_Driver/Src/stm32g4xx_hal_cortex.o
LOAD ./Drivers/STM32G4xx_HAL_Driver/Src/stm32g4xx_hal_dma.o
LOAD ./Drivers/STM32G4xx_HAL_Driver/Src/stm32g4xx_hal_dma_ex.o
LOAD ./Drivers/STM32G4xx_HAL_Driver/Src/stm32g4xx_hal_exti.o
LOAD ./Drivers/STM32G4xx_HAL_Driver/Src/stm32g4xx_hal_flash.o
LOAD ./Drivers/STM32G4xx_HAL_Driver/Src/stm32g4xx_hal_flash_ex.o
LOAD ./Drivers/STM32G4xx_HAL_Driver/Src/stm32g4xx_hal_flash_ramfunc.o
LOAD ./Drivers/STM32G4xx_HAL_Driver/Src/stm32g4xx_hal_gpio.o
LOAD ./Drivers/STM32G4xx_HAL_Driver/Src/stm32g4xx_hal_pwr.o
LOAD ./Drivers/STM32G4xx_HAL_Driver/Src/stm32g4xx_hal_pwr_ex.o
LOAD ./Drivers/STM32G4xx_HAL_Driver/Src/stm32g4xx_hal_rcc.o
LOAD ./Drivers/STM32G4xx_HAL_Driver/Src/stm32g4xx_hal_rcc_ex.o
LOAD ./Drivers/STM32G4xx_HAL_Driver/Src/stm32g4xx_hal_tim.o
LOAD ./Drivers/STM32G4xx_HAL_Driver/Src/stm32g4xx_hal_tim_ex.o
LOAD ./Drivers/STM32G4xx_HAL_Driver/Src/stm32g4xx_hal_uart.o
LOAD ./Drivers/STM32G4xx_HAL_Driver/Src/stm32g4xx_hal_uart_ex.o
LOAD ./Drivers/STM32G4xx_HAL_Driver/Src/stm32g4xx_ll_adc.o
START GROUP
LOAD /Applications/STM32CubeIDE.app/Contents/Eclipse/plugins/com.st.stm32cube.ide.mcu.externaltools.gnu-tools-for-stm32.11.3.rel1.macos64_1.1.100.202310310803/tools/bin/../lib/gcc/arm-none-eabi/11.3.1/../../../../arm-none-eabi/lib/thumb/v7e-m+fp/hard/libc_nano.a
LOAD /Applications/STM32CubeIDE.app/Contents/Eclipse/plugins/com.st.stm32cube.ide.mcu.externaltools.gnu-tools-for-stm32.11.3.rel1.macos64_1.1.100.202310310803/tools/bin/../lib/gcc/arm-none-eabi/11.3.1/../../../../arm-none-eabi/lib/thumb/v7e-m+fp/hard/libm.a
END GROUP
START GROUP
LOAD /Applications/STM32CubeIDE.app/Contents/Eclipse/plugins/com.st.stm32cube.ide.mcu.externaltools.gnu-tools-for-stm32.11.3.rel1.macos64_1.1.100.202310310803/tools/bin/../lib/gcc/arm-none-eabi/11.3.1/thumb/v7e-m+fp/hard/libgcc.a
LOAD /Applications/STM32CubeIDE.app/Contents/Eclipse/plugins/com.st.stm32cube.ide.mcu.externaltools.gnu-tools-for-stm32.11.3.rel1.macos64_1.1.100.202310310803/tools/bin/../lib/gcc/arm-none-eabi/11.3.1/../../../../arm-none-eabi/lib/thumb/v7e-m+fp/hard/libc_nano.a
END GROUP
START GROUP
LOAD /Applications/STM32CubeIDE.app/Contents/Eclipse/plugins/com.st.stm32cube.ide.mcu.externaltools.gnu-tools-for-stm32.11.3.rel1.macos64_1.1.100.202310310803/tools/bin/../lib/gcc/arm-none-eabi/11.3.1/thumb/v7e-m+fp/hard/libgcc.a
LOAD /Applications/STM32CubeIDE.app/Contents/Eclipse/plugins/com.st.stm32cube.ide.mcu.externaltools.gnu-tools-for-stm32.11.3.rel1.macos64_1.1.100.202310310803/tools/bin/../lib/gcc/arm-none-eabi/11.3.1/../../../../arm-none-eabi/lib/thumb/v7e-m+fp/hard/libc_nano.a
LOAD /Applications/STM32CubeIDE.app/Contents/Eclipse/plugins/com.st.stm32cube.ide.mcu.externaltools.gnu-tools-for-stm32.11.3.rel1.macos64_1.1.100.202310310803/tools/bin/../lib/gcc/arm-none-eabi/11.3.1/../../../../arm-none-eabi/lib/thumb/v7e-m+fp/hard/libnosys.a
END GROUP
START GROUP
LOAD /Applications/STM32CubeIDE.app/Contents/Eclipse/plugins/com.st.stm32cube.ide.mcu.externaltools.gnu-tools-for-stm32.11.3.rel1.macos64_1.1.100.202310310803/tools/bin/../lib/gcc/arm-none-eabi/11.3.1/thumb/v7e-m+fp/hard/libgcc.a
LOAD /Applications/STM32CubeIDE.app/Contents/Eclipse/plugins/com.st.stm32cube.ide.mcu.externaltools.gnu-tools-for-stm32.11.3.rel1.macos64_1.1.100.202310310803/tools/bin/../lib/gcc/arm-none-eabi/11.3.1/../../../../arm-none-eabi/lib/thumb/v7e-m+fp/hard/libc_nano.a
LOAD /Applications/STM32CubeIDE.app/Contents/Eclipse/plugins/com.st.stm32cube.ide.mcu.externaltools.gnu-tools-for-stm32.11.3.rel1.macos64_1.1.100.202310310803/tools/bin/../lib/gcc/arm-none-eabi/11.3.1/../../../../arm-none-eabi/lib/thumb/v7e-m+fp/hard/libnosys.a
END GROUP
LOAD /Applications/STM32CubeIDE.app/Contents/Eclipse/plugins/com.st.stm32cube.ide.mcu.externaltools.gnu-tools-for-stm32.11.3.rel1.macos64_1.1.100.202310310803/tools/bin/../lib/gcc/arm-none-eabi/11.3.1/thumb/v7e-m+fp/hard/crtend.o
LOAD /Applications/STM32CubeIDE.app/Contents/Eclipse/plugins/com.st.stm32cube.ide.mcu.externaltools.gnu-tools-for-stm32.11.3.rel1.macos64_1.1.100.202310310803/tools/bin/../lib/gcc/arm-none-eabi/11.3.1/thumb/v7e-m+fp/hard/crtn.o
                0x0000000020020000                _estack = (ORIGIN (RAM) + LENGTH (RAM))
                0x0000000000000200                _Min_Heap_Size = 0x200
                0x0000000000000400                _Min_Stack_Size = 0x400

.isr_vector     0x0000000008000000      0x1d8
                0x0000000008000000                . = ALIGN (0x4)
 *(.isr_vector)
 .isr_vector    0x0000000008000000      0x1d8 ./Core/Startup/startup_stm32g474retx.o
                0x0000000008000000                g_pfnVectors
                0x00000000080001d8                . = ALIGN (0x4)

.text           0x00000000080001d8     0x5374
                0x00000000080001d8                . = ALIGN (0x4)
 *(.text)
 .text          0x00000000080001d8       0x40 /Applications/STM32CubeIDE.app/Contents/Eclipse/plugins/com.st.stm32cube.ide.mcu.externaltools.gnu-tools-for-stm32.11.3.rel1.macos64_1.1.100.202310310803/tools/bin/../lib/gcc/arm-none-eabi/11.3.1/thumb/v7e-m+fp/hard/crtbegin.o
 .text          0x0000000008000218       0x30 /Applications/STM32CubeIDE.app/Contents/Eclipse/plugins/com.st.stm32cube.ide.mcu.externaltools.gnu-tools-for-stm32.11.3.rel1.macos64_1.1.100.202310310803/tools/bin/../lib/gcc/arm-none-eabi/11.3.1/thumb/v7e-m+fp/hard/libgcc.a(_aeabi_uldivmod.o)
                0x0000000008000218                __aeabi_uldivmod
 .text          0x0000000008000248      0x2c8 /Applications/STM32CubeIDE.app/Contents/Eclipse/plugins/com.st.stm32cube.ide.mcu.externaltools.gnu-tools-for-stm32.11.3.rel1.macos64_1.1.100.202310310803/tools/bin/../lib/gcc/arm-none-eabi/11.3.1/thumb/v7e-m+fp/hard/libgcc.a(_udivmoddi4.o)
                0x0000000008000248                __udivmoddi4
 .text          0x0000000008000510        0x4 /Applications/STM32CubeIDE.app/Contents/Eclipse/plugins/com.st.stm32cube.ide.mcu.externaltools.gnu-tools-for-stm32.11.3.rel1.macos64_1.1.100.202310310803/tools/bin/../lib/gcc/arm-none-eabi/11.3.1/thumb/v7e-m+fp/hard/libgcc.a(_dvmd_tls.o)
                0x0000000008000510                __aeabi_ldiv0
                0x0000000008000510                __aeabi_idiv0
 *(.text*)
 .text.main     0x0000000008000514      0x104 ./Core/Src/main.o
                0x0000000008000514                main
 .text.SystemClock_Config
                0x0000000008000618       0x96 ./Core/Src/main.o
                0x0000000008000618                SystemClock_Config
 *fill*         0x00000000080006ae        0x2 
 .text.MX_ADC1_Init
                0x00000000080006b0      0x134 ./Core/Src/main.o
 .text.MX_LPUART1_UART_Init
                0x00000000080007e4       0x94 ./Core/Src/main.o
 .text.MX_TIM2_Init
                0x0000000008000878       0x9c ./Core/Src/main.o
 .text.MX_DMA_Init
                0x0000000008000914       0x54 ./Core/Src/main.o
 .text.MX_GPIO_Init
                0x0000000008000968       0xdc ./Core/Src/main.o
 .text.Error_Handler
                0x0000000008000a44        0xa ./Core/Src/main.o
                0x0000000008000a44                Error_Handler
 *fill*         0x0000000008000a4e        0x2 
 .text.HAL_MspInit
                0x0000000008000a50       0x48 ./Core/Src/stm32g4xx_hal_msp.o
                0x0000000008000a50                HAL_MspInit
 .text.HAL_ADC_MspInit
                0x0000000008000a98      0x138 ./Core/Src/stm32g4xx_hal_msp.o
                0x0000000008000a98                HAL_ADC_MspInit
 .text.HAL_UART_MspInit
                0x0000000008000bd0       0xb0 ./Core/Src/stm32g4xx_hal_msp.o
                0x0000000008000bd0                HAL_UART_MspInit
 .text.HAL_TIM_Base_MspInit
                0x0000000008000c80       0x3c ./Core/Src/stm32g4xx_hal_msp.o
                0x0000000008000c80                HAL_TIM_Base_MspInit
 .text.NMI_Handler
                0x0000000008000cbc        0x6 ./Core/Src/stm32g4xx_it.o
                0x0000000008000cbc                NMI_Handler
 .text.HardFault_Handler
                0x0000000008000cc2        0x6 ./Core/Src/stm32g4xx_it.o
                0x0000000008000cc2                HardFault_Handler
 .text.MemManage_Handler
                0x0000000008000cc8        0x6 ./Core/Src/stm32g4xx_it.o
                0x0000000008000cc8                MemManage_Handler
 .text.BusFault_Handler
                0x0000000008000cce        0x6 ./Core/Src/stm32g4xx_it.o
                0x0000000008000cce                BusFault_Handler
 .text.UsageFault_Handler
                0x0000000008000cd4        0x6 ./Core/Src/stm32g4xx_it.o
                0x0000000008000cd4                UsageFault_Handler
 .text.SVC_Handler
                0x0000000008000cda        0xe ./Core/Src/stm32g4xx_it.o
                0x0000000008000cda                SVC_Handler
 .text.DebugMon_Handler
                0x0000000008000ce8        0xe ./Core/Src/stm32g4xx_it.o
                0x0000000008000ce8                DebugMon_Handler
 .text.PendSV_Handler
                0x0000000008000cf6        0xe ./Core/Src/stm32g4xx_it.o
                0x0000000008000cf6                PendSV_Handler
 .text.SysTick_Handler
                0x0000000008000d04        0xc ./Core/Src/stm32g4xx_it.o
                0x0000000008000d04                SysTick_Handler
 .text.DMA1_Channel1_IRQHandler
                0x0000000008000d10       0x14 ./Core/Src/stm32g4xx_it.o
                0x0000000008000d10                DMA1_Channel1_IRQHandler
 .text.EXTI15_10_IRQHandler
                0x0000000008000d24       0x10 ./Core/Src/stm32g4xx_it.o
                0x0000000008000d24                EXTI15_10_IRQHandler
 .text.SystemInit
                0x0000000008000d34       0x24 ./Core/Src/system_stm32g4xx.o
                0x0000000008000d34                SystemInit
 .text.Reset_Handler
                0x0000000008000d58       0x50 ./Core/Startup/startup_stm32g474retx.o
                0x0000000008000d58                Reset_Handler
 .text.Default_Handler
                0x0000000008000da8        0x2 ./Core/Startup/startup_stm32g474retx.o
                0x0000000008000da8                TIM1_BRK_TIM15_IRQHandler
                0x0000000008000da8                EXTI2_IRQHandler
                0x0000000008000da8                TIM8_TRG_COM_IRQHandler
                0x0000000008000da8                TIM8_CC_IRQHandler
                0x0000000008000da8                HRTIM1_Master_IRQHandler
                0x0000000008000da8                SPI4_IRQHandler
                0x0000000008000da8                FDCAN3_IT0_IRQHandler
                0x0000000008000da8                TIM1_CC_IRQHandler
                0x0000000008000da8                HRTIM1_FLT_IRQHandler
                0x0000000008000da8                HRTIM1_TIMF_IRQHandler
                0x0000000008000da8                USB_HP_IRQHandler
                0x0000000008000da8                CORDIC_IRQHandler
                0x0000000008000da8                HRTIM1_TIMD_IRQHandler
                0x0000000008000da8                DMA2_Channel8_IRQHandler
                0x0000000008000da8                EXTI3_IRQHandler
                0x0000000008000da8                I2C3_ER_IRQHandler
                0x0000000008000da8                EXTI0_IRQHandler
                0x0000000008000da8                I2C2_EV_IRQHandler
                0x0000000008000da8                FPU_IRQHandler
                0x0000000008000da8                FDCAN1_IT1_IRQHandler
                0x0000000008000da8                TIM1_UP_TIM16_IRQHandler
                0x0000000008000da8                ADC1_2_IRQHandler
                0x0000000008000da8                HRTIM1_TIME_IRQHandler
                0x0000000008000da8                SPI1_IRQHandler
                0x0000000008000da8                TIM6_DAC_IRQHandler
                0x0000000008000da8                HRTIM1_TIMC_IRQHandler
                0x0000000008000da8                TIM8_UP_IRQHandler
                0x0000000008000da8                DMA2_Channel2_IRQHandler
                0x0000000008000da8                DMA1_Channel4_IRQHandler
                0x0000000008000da8                TIM20_TRG_COM_IRQHandler
                0x0000000008000da8                USART3_IRQHandler
                0x0000000008000da8                DMA1_Channel7_IRQHandler
                0x0000000008000da8                UART5_IRQHandler
                0x0000000008000da8                ADC3_IRQHandler
                0x0000000008000da8                TIM4_IRQHandler
                0x0000000008000da8                DMA2_Channel1_IRQHandler
                0x0000000008000da8                QUADSPI_IRQHandler
                0x0000000008000da8                I2C1_EV_IRQHandler
                0x0000000008000da8                DMA1_Channel6_IRQHandler
                0x0000000008000da8                UART4_IRQHandler
                0x0000000008000da8                DMA2_Channel4_IRQHandler
                0x0000000008000da8                TIM3_IRQHandler
                0x0000000008000da8                RCC_IRQHandler
                0x0000000008000da8                TIM20_UP_IRQHandler
                0x0000000008000da8                Default_Handler
                0x0000000008000da8                DMA2_Channel7_IRQHandler
                0x0000000008000da8                RTC_TAMP_LSECSS_IRQHandler
                0x0000000008000da8                FMAC_IRQHandler
                0x0000000008000da8                DMA1_Channel8_IRQHandler
                0x0000000008000da8                HRTIM1_TIMA_IRQHandler
                0x0000000008000da8                TIM7_DAC_IRQHandler
                0x0000000008000da8                FDCAN3_IT1_IRQHandler
                0x0000000008000da8                TIM5_IRQHandler
                0x0000000008000da8                UCPD1_IRQHandler
                0x0000000008000da8                I2C3_EV_IRQHandler
                0x0000000008000da8                EXTI9_5_IRQHandler
                0x0000000008000da8                RTC_WKUP_IRQHandler
                0x0000000008000da8                PVD_PVM_IRQHandler
                0x0000000008000da8                SPI2_IRQHandler
                0x0000000008000da8                ADC5_IRQHandler
                0x0000000008000da8                DMA2_Channel5_IRQHandler
                0x0000000008000da8                CRS_IRQHandler
                0x0000000008000da8                DMA1_Channel5_IRQHandler
                0x0000000008000da8                USB_LP_IRQHandler
                0x0000000008000da8                EXTI4_IRQHandler
                0x0000000008000da8                RNG_IRQHandler
                0x0000000008000da8                HRTIM1_TIMB_IRQHandler
                0x0000000008000da8                TIM1_TRG_COM_TIM17_IRQHandler
                0x0000000008000da8                FDCAN2_IT1_IRQHandler
                0x0000000008000da8                DMA1_Channel3_IRQHandler
                0x0000000008000da8                ADC4_IRQHandler
                0x0000000008000da8                WWDG_IRQHandler
                0x0000000008000da8                I2C4_EV_IRQHandler
                0x0000000008000da8                FDCAN2_IT0_IRQHandler
                0x0000000008000da8                LPUART1_IRQHandler
                0x0000000008000da8                DMA2_Channel6_IRQHandler
                0x0000000008000da8                FDCAN1_IT0_IRQHandler
                0x0000000008000da8                TIM2_IRQHandler
                0x0000000008000da8                COMP7_IRQHandler
                0x0000000008000da8                COMP1_2_3_IRQHandler
                0x0000000008000da8                EXTI1_IRQHandler
                0x0000000008000da8                USART2_IRQHandler
                0x0000000008000da8                COMP4_5_6_IRQHandler
                0x0000000008000da8                TIM20_BRK_IRQHandler
                0x0000000008000da8                I2C2_ER_IRQHandler
                0x0000000008000da8                DMA1_Channel2_IRQHandler
                0x0000000008000da8                TIM8_BRK_IRQHandler
                0x0000000008000da8                FLASH_IRQHandler
                0x0000000008000da8                TIM20_CC_IRQHandler
                0x0000000008000da8                USART1_IRQHandler
                0x0000000008000da8                SPI3_IRQHandler
                0x0000000008000da8                I2C1_ER_IRQHandler
                0x0000000008000da8                FMC_IRQHandler
                0x0000000008000da8                LPTIM1_IRQHandler
                0x0000000008000da8                DMAMUX_OVR_IRQHandler
                0x0000000008000da8                I2C4_ER_IRQHandler
                0x0000000008000da8                USBWakeUp_IRQHandler
                0x0000000008000da8                SAI1_IRQHandler
                0x0000000008000da8                DMA2_Channel3_IRQHandler
                0x0000000008000da8                RTC_Alarm_IRQHandler
 .text.HAL_Init
                0x0000000008000daa       0x30 ./Drivers/STM32G4xx_HAL_Driver/Src/stm32g4xx_hal.o
                0x0000000008000daa                HAL_Init
 *fill*         0x0000000008000dda        0x2 
 .text.HAL_InitTick
                0x0000000008000ddc       0x74 ./Drivers/STM32G4xx_HAL_Driver/Src/stm32g4xx_hal.o
                0x0000000008000ddc                HAL_InitTick
 .text.HAL_IncTick
                0x0000000008000e50       0x24 ./Drivers/STM32G4xx_HAL_Driver/Src/stm32g4xx_hal.o
                0x0000000008000e50                HAL_IncTick
 .text.HAL_GetTick
                0x0000000008000e74       0x18 ./Drivers/STM32G4xx_HAL_Driver/Src/stm32g4xx_hal.o
                0x0000000008000e74                HAL_GetTick
 .text.HAL_Delay
                0x0000000008000e8c       0x44 ./Drivers/STM32G4xx_HAL_Driver/Src/stm32g4xx_hal.o
                0x0000000008000e8c                HAL_Delay
 .text.LL_ADC_SetCommonClock
                0x0000000008000ed0       0x26 ./Drivers/STM32G4xx_HAL_Driver/Src/stm32g4xx_hal_adc.o
 .text.LL_ADC_SetCommonPathInternalCh
                0x0000000008000ef6       0x26 ./Drivers/STM32G4xx_HAL_Driver/Src/stm32g4xx_hal_adc.o
 .text.LL_ADC_GetCommonPathInternalCh
                0x0000000008000f1c       0x1c ./Drivers/STM32G4xx_HAL_Driver/Src/stm32g4xx_hal_adc.o
 .text.LL_ADC_SetOffset
                0x0000000008000f38       0x48 ./Drivers/STM32G4xx_HAL_Driver/Src/stm32g4xx_hal_adc.o
 .text.LL_ADC_GetOffsetChannel
                0x0000000008000f80       0x2c ./Drivers/STM32G4xx_HAL_Driver/Src/stm32g4xx_hal_adc.o
 .text.LL_ADC_SetOffsetState
                0x0000000008000fac       0x36 ./Drivers/STM32G4xx_HAL_Driver/Src/stm32g4xx_hal_adc.o
 .text.LL_ADC_SetOffsetSign
                0x0000000008000fe2       0x36 ./Drivers/STM32G4xx_HAL_Driver/Src/stm32g4xx_hal_adc.o
 .text.LL_ADC_SetOffsetSaturation
                0x0000000008001018       0x36 ./Drivers/STM32G4xx_HAL_Driver/Src/stm32g4xx_hal_adc.o
 .text.LL_ADC_SetSamplingTimeCommonConfig
                0x000000000800104e       0x26 ./Drivers/STM32G4xx_HAL_Driver/Src/stm32g4xx_hal_adc.o
 .text.LL_ADC_REG_IsTriggerSourceSWStart
                0x0000000008001074       0x26 ./Drivers/STM32G4xx_HAL_Driver/Src/stm32g4xx_hal_adc.o
 .text.LL_ADC_REG_SetSequencerRanks
                0x000000000800109a       0x58 ./Drivers/STM32G4xx_HAL_Driver/Src/stm32g4xx_hal_adc.o
 .text.LL_ADC_SetChannelSamplingTime
                0x00000000080010f2       0x56 ./Drivers/STM32G4xx_HAL_Driver/Src/stm32g4xx_hal_adc.o
 .text.LL_ADC_SetChannelSingleDiff
                0x0000000008001148       0x48 ./Drivers/STM32G4xx_HAL_Driver/Src/stm32g4xx_hal_adc.o
 .text.LL_ADC_GetMultimode
                0x0000000008001190       0x1c ./Drivers/STM32G4xx_HAL_Driver/Src/stm32g4xx_hal_adc.o
 .text.LL_ADC_DisableDeepPowerDown
                0x00000000080011ac       0x24 ./Drivers/STM32G4xx_HAL_Driver/Src/stm32g4xx_hal_adc.o
 .text.LL_ADC_IsDeepPowerDownEnabled
                0x00000000080011d0       0x28 ./Drivers/STM32G4xx_HAL_Driver/Src/stm32g4xx_hal_adc.o
 .text.LL_ADC_EnableInternalRegulator
                0x00000000080011f8       0x28 ./Drivers/STM32G4xx_HAL_Driver/Src/stm32g4xx_hal_adc.o
 .text.LL_ADC_IsInternalRegulatorEnabled
                0x0000000008001220       0x28 ./Drivers/STM32G4xx_HAL_Driver/Src/stm32g4xx_hal_adc.o
 .text.LL_ADC_Enable
                0x0000000008001248       0x28 ./Drivers/STM32G4xx_HAL_Driver/Src/stm32g4xx_hal_adc.o
 .text.LL_ADC_IsEnabled
                0x0000000008001270       0x26 ./Drivers/STM32G4xx_HAL_Driver/Src/stm32g4xx_hal_adc.o
 .text.LL_ADC_REG_StartConversion
                0x0000000008001296       0x28 ./Drivers/STM32G4xx_HAL_Driver/Src/stm32g4xx_hal_adc.o
 .text.LL_ADC_REG_IsConversionOngoing
                0x00000000080012be       0x26 ./Drivers/STM32G4xx_HAL_Driver/Src/stm32g4xx_hal_adc.o
 .text.LL_ADC_INJ_IsConversionOngoing
                0x00000000080012e4       0x26 ./Drivers/STM32G4xx_HAL_Driver/Src/stm32g4xx_hal_adc.o
 *fill*         0x000000000800130a        0x2 
 .text.HAL_ADC_Init
                0x000000000800130c      0x378 ./Drivers/STM32G4xx_HAL_Driver/Src/stm32g4xx_hal_adc.o
                0x000000000800130c                HAL_ADC_Init
 .text.HAL_ADC_Start_DMA
                0x0000000008001684      0x1a8 ./Drivers/STM32G4xx_HAL_Driver/Src/stm32g4xx_hal_adc.o
                0x0000000008001684                HAL_ADC_Start_DMA
 .text.HAL_ADC_ConvCpltCallback
                0x000000000800182c       0x14 ./Drivers/STM32G4xx_HAL_Driver/Src/stm32g4xx_hal_adc.o
                0x000000000800182c                HAL_ADC_ConvCpltCallback
 .text.HAL_ADC_ConvHalfCpltCallback
                0x0000000008001840       0x14 ./Drivers/STM32G4xx_HAL_Driver/Src/stm32g4xx_hal_adc.o
                0x0000000008001840                HAL_ADC_ConvHalfCpltCallback
 .text.HAL_ADC_ErrorCallback
                0x0000000008001854       0x14 ./Drivers/STM32G4xx_HAL_Driver/Src/stm32g4xx_hal_adc.o
                0x0000000008001854                HAL_ADC_ErrorCallback
 .text.HAL_ADC_ConfigChannel
                0x0000000008001868      0x880 ./Drivers/STM32G4xx_HAL_Driver/Src/stm32g4xx_hal_adc.o
                0x0000000008001868                HAL_ADC_ConfigChannel
 .text.ADC_Enable
                0x00000000080020e8      0x12c ./Drivers/STM32G4xx_HAL_Driver/Src/stm32g4xx_hal_adc.o
                0x00000000080020e8                ADC_Enable
 .text.ADC_DMAConvCplt
                0x0000000008002214       0xd8 ./Drivers/STM32G4xx_HAL_Driver/Src/stm32g4xx_hal_adc.o
                0x0000000008002214                ADC_DMAConvCplt
 .text.ADC_DMAHalfConvCplt
                0x00000000080022ec       0x1c ./Drivers/STM32G4xx_HAL_Driver/Src/stm32g4xx_hal_adc.o
                0x00000000080022ec                ADC_DMAHalfConvCplt
 .text.ADC_DMAError
                0x0000000008002308       0x34 ./Drivers/STM32G4xx_HAL_Driver/Src/stm32g4xx_hal_adc.o
                0x0000000008002308                ADC_DMAError
 .text.LL_ADC_IsEnabled
                0x000000000800233c       0x26 ./Drivers/STM32G4xx_HAL_Driver/Src/stm32g4xx_hal_adc_ex.o
 .text.LL_ADC_REG_IsConversionOngoing
                0x0000000008002362       0x26 ./Drivers/STM32G4xx_HAL_Driver/Src/stm32g4xx_hal_adc_ex.o
 .text.HAL_ADCEx_MultiModeConfigChannel
                0x0000000008002388      0x210 ./Drivers/STM32G4xx_HAL_Driver/Src/stm32g4xx_hal_adc_ex.o
                0x0000000008002388                HAL_ADCEx_MultiModeConfigChannel
 .text.__NVIC_SetPriorityGrouping
                0x0000000008002598       0x48 ./Drivers/STM32G4xx_HAL_Driver/Src/stm32g4xx_hal_cortex.o
 .text.__NVIC_GetPriorityGrouping
                0x00000000080025e0       0x1c ./Drivers/STM32G4xx_HAL_Driver/Src/stm32g4xx_hal_cortex.o
 .text.__NVIC_EnableIRQ
                0x00000000080025fc       0x3c ./Drivers/STM32G4xx_HAL_Driver/Src/stm32g4xx_hal_cortex.o
 .text.__NVIC_SetPriority
                0x0000000008002638       0x54 ./Drivers/STM32G4xx_HAL_Driver/Src/stm32g4xx_hal_cortex.o
 .text.NVIC_EncodePriority
                0x000000000800268c       0x66 ./Drivers/STM32G4xx_HAL_Driver/Src/stm32g4xx_hal_cortex.o
 *fill*         0x00000000080026f2        0x2 
 .text.SysTick_Config
                0x00000000080026f4       0x44 ./Drivers/STM32G4xx_HAL_Driver/Src/stm32g4xx_hal_cortex.o
 .text.HAL_NVIC_SetPriorityGrouping
                0x0000000008002738       0x16 ./Drivers/STM32G4xx_HAL_Driver/Src/stm32g4xx_hal_cortex.o
                0x0000000008002738                HAL_NVIC_SetPriorityGrouping
 .text.HAL_NVIC_SetPriority
                0x000000000800274e       0x34 ./Drivers/STM32G4xx_HAL_Driver/Src/stm32g4xx_hal_cortex.o
                0x000000000800274e                HAL_NVIC_SetPriority
 .text.HAL_NVIC_EnableIRQ
                0x0000000008002782       0x1c ./Drivers/STM32G4xx_HAL_Driver/Src/stm32g4xx_hal_cortex.o
                0x0000000008002782                HAL_NVIC_EnableIRQ
 .text.HAL_SYSTICK_Config
                0x000000000800279e       0x18 ./Drivers/STM32G4xx_HAL_Driver/Src/stm32g4xx_hal_cortex.o
                0x000000000800279e                HAL_SYSTICK_Config
 *fill*         0x00000000080027b6        0x2 
 .text.HAL_DMA_Init
                0x00000000080027b8      0x150 ./Drivers/STM32G4xx_HAL_Driver/Src/stm32g4xx_hal_dma.o
                0x00000000080027b8                HAL_DMA_Init
 .text.HAL_DMA_Start_IT
                0x0000000008002908       0xf6 ./Drivers/STM32G4xx_HAL_Driver/Src/stm32g4xx_hal_dma.o
                0x0000000008002908                HAL_DMA_Start_IT
 .text.HAL_DMA_IRQHandler
                0x00000000080029fe      0x15e ./Drivers/STM32G4xx_HAL_Driver/Src/stm32g4xx_hal_dma.o
                0x00000000080029fe                HAL_DMA_IRQHandler
 .text.DMA_SetConfig
                0x0000000008002b5c       0x7c ./Drivers/STM32G4xx_HAL_Driver/Src/stm32g4xx_hal_dma.o
 .text.DMA_CalcDMAMUXChannelBaseAndMask
                0x0000000008002bd8       0x7c ./Drivers/STM32G4xx_HAL_Driver/Src/stm32g4xx_hal_dma.o
 .text.DMA_CalcDMAMUXRequestGenBaseAndMask
                0x0000000008002c54       0x48 ./Drivers/STM32G4xx_HAL_Driver/Src/stm32g4xx_hal_dma.o
 .text.HAL_GPIO_Init
                0x0000000008002c9c      0x304 ./Drivers/STM32G4xx_HAL_Driver/Src/stm32g4xx_hal_gpio.o
                0x0000000008002c9c                HAL_GPIO_Init
 .text.HAL_GPIO_WritePin
                0x0000000008002fa0       0x30 ./Drivers/STM32G4xx_HAL_Driver/Src/stm32g4xx_hal_gpio.o
                0x0000000008002fa0                HAL_GPIO_WritePin
 .text.HAL_GPIO_EXTI_IRQHandler
                0x0000000008002fd0       0x30 ./Drivers/STM32G4xx_HAL_Driver/Src/stm32g4xx_hal_gpio.o
                0x0000000008002fd0                HAL_GPIO_EXTI_IRQHandler
 .text.HAL_GPIO_EXTI_Callback
                0x0000000008003000       0x16 ./Drivers/STM32G4xx_HAL_Driver/Src/stm32g4xx_hal_gpio.o
                0x0000000008003000                HAL_GPIO_EXTI_Callback
 *fill*         0x0000000008003016        0x2 
 .text.HAL_PWREx_ControlVoltageScaling
                0x0000000008003018      0x148 ./Drivers/STM32G4xx_HAL_Driver/Src/stm32g4xx_hal_pwr_ex.o
                0x0000000008003018                HAL_PWREx_ControlVoltageScaling
 .text.HAL_PWREx_DisableUCPDDeadBattery
                0x0000000008003160       0x20 ./Drivers/STM32G4xx_HAL_Driver/Src/stm32g4xx_hal_pwr_ex.o
                0x0000000008003160                HAL_PWREx_DisableUCPDDeadBattery
 .text.HAL_RCC_OscConfig
                0x0000000008003180      0x624 ./Drivers/STM32G4xx_HAL_Driver/Src/stm32g4xx_hal_rcc.o
                0x0000000008003180                HAL_RCC_OscConfig
 .text.HAL_RCC_ClockConfig
                0x00000000080037a4      0x278 ./Drivers/STM32G4xx_HAL_Driver/Src/stm32g4xx_hal_rcc.o
                0x00000000080037a4                HAL_RCC_ClockConfig
 .text.HAL_RCC_GetSysClockFreq
                0x0000000008003a1c       0xc4 ./Drivers/STM32G4xx_HAL_Driver/Src/stm32g4xx_hal_rcc.o
                0x0000000008003a1c                HAL_RCC_GetSysClockFreq
 .text.HAL_RCC_GetHCLKFreq
                0x0000000008003ae0       0x18 ./Drivers/STM32G4xx_HAL_Driver/Src/stm32g4xx_hal_rcc.o
                0x0000000008003ae0                HAL_RCC_GetHCLKFreq
 .text.HAL_RCC_GetPCLK1Freq
                0x0000000008003af8       0x2c ./Drivers/STM32G4xx_HAL_Driver/Src/stm32g4xx_hal_rcc.o
                0x0000000008003af8                HAL_RCC_GetPCLK1Freq
 .text.HAL_RCC_GetPCLK2Freq
                0x0000000008003b24       0x2c ./Drivers/STM32G4xx_HAL_Driver/Src/stm32g4xx_hal_rcc.o
                0x0000000008003b24                HAL_RCC_GetPCLK2Freq
 .text.RCC_GetSysClockFreqFromPLLSource
                0x0000000008003b50       0x8c ./Drivers/STM32G4xx_HAL_Driver/Src/stm32g4xx_hal_rcc.o
 .text.HAL_RCCEx_PeriphCLKConfig
                0x0000000008003bdc      0x49c ./Drivers/STM32G4xx_HAL_Driver/Src/stm32g4xx_hal_rcc_ex.o
                0x0000000008003bdc                HAL_RCCEx_PeriphCLKConfig
 .text.HAL_TIM_Base_Init
                0x0000000008004078       0xae ./Drivers/STM32G4xx_HAL_Driver/Src/stm32g4xx_hal_tim.o
                0x0000000008004078                HAL_TIM_Base_Init
 *fill*         0x0000000008004126        0x2 
 .text.HAL_TIM_Base_Start
                0x0000000008004128       0xe0 ./Drivers/STM32G4xx_HAL_Driver/Src/stm32g4xx_hal_tim.o
                0x0000000008004128                HAL_TIM_Base_Start
 .text.HAL_TIM_ConfigClockSource
                0x0000000008004208      0x22c ./Drivers/STM32G4xx_HAL_Driver/Src/stm32g4xx_hal_tim.o
                0x0000000008004208                HAL_TIM_ConfigClockSource
 .text.TIM_Base_SetConfig
                0x0000000008004434      0x168 ./Drivers/STM32G4xx_HAL_Driver/Src/stm32g4xx_hal_tim.o
                0x0000000008004434                TIM_Base_SetConfig
 .text.TIM_TI1_ConfigInputStage
                0x000000000800459c       0x5e ./Drivers/STM32G4xx_HAL_Driver/Src/stm32g4xx_hal_tim.o
 .text.TIM_TI2_ConfigInputStage
                0x00000000080045fa       0x60 ./Drivers/STM32G4xx_HAL_Driver/Src/stm32g4xx_hal_tim.o
 .text.TIM_ITRx_SetConfig
                0x000000000800465a       0x3a ./Drivers/STM32G4xx_HAL_Driver/Src/stm32g4xx_hal_tim.o
 .text.TIM_ETR_SetConfig
                0x0000000008004694       0x40 ./Drivers/STM32G4xx_HAL_Driver/Src/stm32g4xx_hal_tim.o
                0x0000000008004694                TIM_ETR_SetConfig
 .text.HAL_TIMEx_MasterConfigSynchronization
                0x00000000080046d4      0x12c ./Drivers/STM32G4xx_HAL_Driver/Src/stm32g4xx_hal_tim_ex.o
                0x00000000080046d4                HAL_TIMEx_MasterConfigSynchronization
 .text.HAL_UART_Init
                0x0000000008004800       0xa0 ./Drivers/STM32G4xx_HAL_Driver/Src/stm32g4xx_hal_uart.o
                0x0000000008004800                HAL_UART_Init
 .text.UART_SetConfig
                0x00000000080048a0      0x5f8 ./Drivers/STM32G4xx_HAL_Driver/Src/stm32g4xx_hal_uart.o
                0x00000000080048a0                UART_SetConfig
 .text.UART_AdvFeatureConfig
                0x0000000008004e98      0x144 ./Drivers/STM32G4xx_HAL_Driver/Src/stm32g4xx_hal_uart.o
                0x0000000008004e98                UART_AdvFeatureConfig
 .text.UART_CheckIdleState
                0x0000000008004fdc      0x154 ./Drivers/STM32G4xx_HAL_Driver/Src/stm32g4xx_hal_uart.o
                0x0000000008004fdc                UART_CheckIdleState
 .text.UART_WaitOnFlagUntilTimeout
                0x0000000008005130       0xda ./Drivers/STM32G4xx_HAL_Driver/Src/stm32g4xx_hal_uart.o
                0x0000000008005130                UART_WaitOnFlagUntilTimeout
 .text.UART_EndRxTransfer
                0x000000000800520a       0xcc ./Drivers/STM32G4xx_HAL_Driver/Src/stm32g4xx_hal_uart.o
 .text.HAL_UARTEx_DisableFifoMode
                0x00000000080052d6       0x72 ./Drivers/STM32G4xx_HAL_Driver/Src/stm32g4xx_hal_uart_ex.o
                0x00000000080052d6                HAL_UARTEx_DisableFifoMode
 .text.HAL_UARTEx_SetTxFifoThreshold
                0x0000000008005348       0x7c ./Drivers/STM32G4xx_HAL_Driver/Src/stm32g4xx_hal_uart_ex.o
                0x0000000008005348                HAL_UARTEx_SetTxFifoThreshold
 .text.HAL_UARTEx_SetRxFifoThreshold
                0x00000000080053c4       0x7c ./Drivers/STM32G4xx_HAL_Driver/Src/stm32g4xx_hal_uart_ex.o
                0x00000000080053c4                HAL_UARTEx_SetRxFifoThreshold
 .text.UARTEx_SetNbDataToProcess
                0x0000000008005440       0x9c ./Drivers/STM32G4xx_HAL_Driver/Src/stm32g4xx_hal_uart_ex.o
 .text.memset   0x00000000080054dc       0x10 /Applications/STM32CubeIDE.app/Contents/Eclipse/plugins/com.st.stm32cube.ide.mcu.externaltools.gnu-tools-for-stm32.11.3.rel1.macos64_1.1.100.202310310803/tools/bin/../lib/gcc/arm-none-eabi/11.3.1/../../../../arm-none-eabi/lib/thumb/v7e-m+fp/hard/libc_nano.a(libc_a-memset.o)
                0x00000000080054dc                memset
 .text.__libc_init_array
                0x00000000080054ec       0x48 /Applications/STM32CubeIDE.app/Contents/Eclipse/plugins/com.st.stm32cube.ide.mcu.externaltools.gnu-tools-for-stm32.11.3.rel1.macos64_1.1.100.202310310803/tools/bin/../lib/gcc/arm-none-eabi/11.3.1/../../../../arm-none-eabi/lib/thumb/v7e-m+fp/hard/libc_nano.a(libc_a-init.o)
                0x00000000080054ec                __libc_init_array
 *(.glue_7)
 .glue_7        0x0000000008005534        0x0 linker stubs
 *(.glue_7t)
 .glue_7t       0x0000000008005534        0x0 linker stubs
 *(.eh_frame)
 .eh_frame      0x0000000008005534        0x0 /Applications/STM32CubeIDE.app/Contents/Eclipse/plugins/com.st.stm32cube.ide.mcu.externaltools.gnu-tools-for-stm32.11.3.rel1.macos64_1.1.100.202310310803/tools/bin/../lib/gcc/arm-none-eabi/11.3.1/thumb/v7e-m+fp/hard/crtbegin.o
 *(.init)
 .init          0x0000000008005534        0x4 /Applications/STM32CubeIDE.app/Contents/Eclipse/plugins/com.st.stm32cube.ide.mcu.externaltools.gnu-tools-for-stm32.11.3.rel1.macos64_1.1.100.202310310803/tools/bin/../lib/gcc/arm-none-eabi/11.3.1/thumb/v7e-m+fp/hard/crti.o
                0x0000000008005534                _init
 .init          0x0000000008005538        0x8 /Applications/STM32CubeIDE.app/Contents/Eclipse/plugins/com.st.stm32cube.ide.mcu.externaltools.gnu-tools-for-stm32.11.3.rel1.macos64_1.1.100.202310310803/tools/bin/../lib/gcc/arm-none-eabi/11.3.1/thumb/v7e-m+fp/hard/crtn.o
 *(.fini)
 .fini          0x0000000008005540        0x4 /Applications/STM32CubeIDE.app/Contents/Eclipse/plugins/com.st.stm32cube.ide.mcu.externaltools.gnu-tools-for-stm32.11.3.rel1.macos64_1.1.100.202310310803/tools/bin/../lib/gcc/arm-none-eabi/11.3.1/thumb/v7e-m+fp/hard/crti.o
                0x0000000008005540                _fini
 .fini          0x0000000008005544        0x8 /Applications/STM32CubeIDE.app/Contents/Eclipse/plugins/com.st.stm32cube.ide.mcu.externaltools.gnu-tools-for-stm32.11.3.rel1.macos64_1.1.100.202310310803/tools/bin/../lib/gcc/arm-none-eabi/11.3.1/thumb/v7e-m+fp/hard/crtn.o
                0x000000000800554c                . = ALIGN (0x4)
                0x000000000800554c                _etext = .

.vfp11_veneer   0x000000000800554c        0x0
 .vfp11_veneer  0x000000000800554c        0x0 linker stubs

.v4_bx          0x000000000800554c        0x0
 .v4_bx         0x000000000800554c        0x0 linker stubs

.iplt           0x000000000800554c        0x0
 .iplt          0x000000000800554c        0x0 /Applications/STM32CubeIDE.app/Contents/Eclipse/plugins/com.st.stm32cube.ide.mcu.externaltools.gnu-tools-for-stm32.11.3.rel1.macos64_1.1.100.202310310803/tools/bin/../lib/gcc/arm-none-eabi/11.3.1/thumb/v7e-m+fp/hard/crtbegin.o

.rodata         0x000000000800554c       0x40
                0x000000000800554c                . = ALIGN (0x4)
 *(.rodata)
 *(.rodata*)
 .rodata.AHBPrescTable
                0x000000000800554c       0x10 ./Core/Src/system_stm32g4xx.o
                0x000000000800554c                AHBPrescTable
 .rodata.APBPrescTable
                0x000000000800555c        0x8 ./Core/Src/system_stm32g4xx.o
                0x000000000800555c                APBPrescTable
 .rodata.UARTPrescTable
                0x0000000008005564       0x18 ./Drivers/STM32G4xx_HAL_Driver/Src/stm32g4xx_hal_uart.o
                0x0000000008005564                UARTPrescTable
 .rodata.numerator.1
                0x000000000800557c        0x8 ./Drivers/STM32G4xx_HAL_Driver/Src/stm32g4xx_hal_uart_ex.o
 .rodata.denominator.0
                0x0000000008005584        0x8 ./Drivers/STM32G4xx_HAL_Driver/Src/stm32g4xx_hal_uart_ex.o
                0x000000000800558c                . = ALIGN (0x4)

.ARM.extab      0x000000000800558c        0x0
                0x000000000800558c                . = ALIGN (0x4)
 *(.ARM.extab* .gnu.linkonce.armextab.*)
                0x000000000800558c                . = ALIGN (0x4)

.ARM            0x000000000800558c        0x8
                0x000000000800558c                . = ALIGN (0x4)
                0x000000000800558c                __exidx_start = .
 *(.ARM.exidx*)
 .ARM.exidx     0x000000000800558c        0x8 /Applications/STM32CubeIDE.app/Contents/Eclipse/plugins/com.st.stm32cube.ide.mcu.externaltools.gnu-tools-for-stm32.11.3.rel1.macos64_1.1.100.202310310803/tools/bin/../lib/gcc/arm-none-eabi/11.3.1/thumb/v7e-m+fp/hard/libgcc.a(_udivmoddi4.o)
                0x0000000008005594                __exidx_end = .
                0x0000000008005594                . = ALIGN (0x4)

.rel.dyn        0x0000000008005594        0x0
 .rel.iplt      0x0000000008005594        0x0 /Applications/STM32CubeIDE.app/Contents/Eclipse/plugins/com.st.stm32cube.ide.mcu.externaltools.gnu-tools-for-stm32.11.3.rel1.macos64_1.1.100.202310310803/tools/bin/../lib/gcc/arm-none-eabi/11.3.1/thumb/v7e-m+fp/hard/crtbegin.o

.preinit_array  0x0000000008005594        0x0
                0x0000000008005594                . = ALIGN (0x4)
                0x0000000008005594                PROVIDE (__preinit_array_start = .)
 *(.preinit_array*)
                0x0000000008005594                PROVIDE (__preinit_array_end = .)
                0x0000000008005594                . = ALIGN (0x4)

.init_array     0x0000000008005594        0x4
                0x0000000008005594                . = ALIGN (0x4)
                0x0000000008005594                PROVIDE (__init_array_start = .)
 *(SORT_BY_NAME(.init_array.*))
 *(.init_array*)
 .init_array    0x0000000008005594        0x4 /Applications/STM32CubeIDE.app/Contents/Eclipse/plugins/com.st.stm32cube.ide.mcu.externaltools.gnu-tools-for-stm32.11.3.rel1.macos64_1.1.100.202310310803/tools/bin/../lib/gcc/arm-none-eabi/11.3.1/thumb/v7e-m+fp/hard/crtbegin.o
                0x0000000008005598                PROVIDE (__init_array_end = .)
                0x0000000008005598                . = ALIGN (0x4)

.fini_array     0x0000000008005598        0x4
                0x0000000008005598                . = ALIGN (0x4)
                [!provide]                        PROVIDE (__fini_array_start = .)
 *(SORT_BY_NAME(.fini_array.*))
 *(.fini_array*)
 .fini_array    0x0000000008005598        0x4 /Applications/STM32CubeIDE.app/Contents/Eclipse/plugins/com.st.stm32cube.ide.mcu.externaltools.gnu-tools-for-stm32.11.3.rel1.macos64_1.1.100.202310310803/tools/bin/../lib/gcc/arm-none-eabi/11.3.1/thumb/v7e-m+fp/hard/crtbegin.o
                [!provide]                        PROVIDE (__fini_array_end = .)
                0x000000000800559c                . = ALIGN (0x4)
                0x000000000800559c                _sidata = LOADADDR (.data)

.data           0x0000000020000000       0x14 load address 0x000000000800559c
                0x0000000020000000                . = ALIGN (0x4)
                0x0000000020000000                _sdata = .
 *(.data)
 *(.data*)
 .data.ADCChannels
                0x0000000020000000        0x4 ./Core/Src/main.o
                0x0000000020000000                ADCChannels
 .data.ADCSamples
                0x0000000020000004        0x4 ./Core/Src/main.o
                0x0000000020000004                ADCSamples
 .data.SystemCoreClock
                0x0000000020000008        0x4 ./Core/Src/system_stm32g4xx.o
                0x0000000020000008                SystemCoreClock
 .data.uwTickPrio
                0x000000002000000c        0x4 ./Drivers/STM32G4xx_HAL_Driver/Src/stm32g4xx_hal.o
                0x000000002000000c                uwTickPrio
 .data.uwTickFreq
                0x0000000020000010        0x4 ./Drivers/STM32G4xx_HAL_Driver/Src/stm32g4xx_hal.o
                0x0000000020000010                uwTickFreq
 *(.RamFunc)
 *(.RamFunc*)
                0x0000000020000014                . = ALIGN (0x4)
                0x0000000020000014                _edata = .

.igot.plt       0x0000000020000014        0x0 load address 0x00000000080055b0
 .igot.plt      0x0000000020000014        0x0 /Applications/STM32CubeIDE.app/Contents/Eclipse/plugins/com.st.stm32cube.ide.mcu.externaltools.gnu-tools-for-stm32.11.3.rel1.macos64_1.1.100.202310310803/tools/bin/../lib/gcc/arm-none-eabi/11.3.1/thumb/v7e-m+fp/hard/crtbegin.o
                0x0000000020000014                . = ALIGN (0x4)

.bss            0x0000000020000014      0x430 load address 0x00000000080055b0
                0x0000000020000014                _sbss = .
                0x0000000020000014                __bss_start__ = _sbss
 *(.bss)
 .bss           0x0000000020000014       0x1c /Applications/STM32CubeIDE.app/Contents/Eclipse/plugins/com.st.stm32cube.ide.mcu.externaltools.gnu-tools-for-stm32.11.3.rel1.macos64_1.1.100.202310310803/tools/bin/../lib/gcc/arm-none-eabi/11.3.1/thumb/v7e-m+fp/hard/crtbegin.o
 *(.bss*)
 .bss.hadc1     0x0000000020000030       0x6c ./Core/Src/main.o
                0x0000000020000030                hadc1
 .bss.hdma_adc1
                0x000000002000009c       0x60 ./Core/Src/main.o
                0x000000002000009c                hdma_adc1
 .bss.hlpuart1  0x00000000200000fc       0x94 ./Core/Src/main.o
                0x00000000200000fc                hlpuart1
 .bss.htim2     0x0000000020000190       0x4c ./Core/Src/main.o
                0x0000000020000190                htim2
 .bss.ADCBuffer
                0x00000000200001dc      0x258 ./Core/Src/main.o
                0x00000000200001dc                ADCBuffer
 .bss.channelAverages
                0x0000000020000434        0xc ./Core/Src/main.o
                0x0000000020000434                channelAverages
 .bss.uwTick    0x0000000020000440        0x4 ./Drivers/STM32G4xx_HAL_Driver/Src/stm32g4xx_hal.o
                0x0000000020000440                uwTick
 *(COMMON)
                0x0000000020000444                . = ALIGN (0x4)
                0x0000000020000444                _ebss = .
                0x0000000020000444                __bss_end__ = _ebss

._user_heap_stack
                0x0000000020000444      0x604 load address 0x00000000080055b0
                0x0000000020000448                . = ALIGN (0x8)
 *fill*         0x0000000020000444        0x4 
                [!provide]                        PROVIDE (end = .)
                0x0000000020000448                PROVIDE (_end = .)
                0x0000000020000648                . = (. + _Min_Heap_Size)
 *fill*         0x0000000020000448      0x200 
                0x0000000020000a48                . = (. + _Min_Stack_Size)
 *fill*         0x0000000020000648      0x400 
                0x0000000020000a48                . = ALIGN (0x8)

/DISCARD/
 libc.a(*)
 libm.a(*)
 libgcc.a(*)

.ARM.attributes
                0x0000000000000000       0x30
 *(.ARM.attributes)
 .ARM.attributes
                0x0000000000000000       0x1e /Applications/STM32CubeIDE.app/Contents/Eclipse/plugins/com.st.stm32cube.ide.mcu.externaltools.gnu-tools-for-stm32.11.3.rel1.macos64_1.1.100.202310310803/tools/bin/../lib/gcc/arm-none-eabi/11.3.1/thumb/v7e-m+fp/hard/crti.o
 .ARM.attributes
                0x000000000000001e       0x34 /Applications/STM32CubeIDE.app/Contents/Eclipse/plugins/com.st.stm32cube.ide.mcu.externaltools.gnu-tools-for-stm32.11.3.rel1.macos64_1.1.100.202310310803/tools/bin/../lib/gcc/arm-none-eabi/11.3.1/thumb/v7e-m+fp/hard/crtbegin.o
 .ARM.attributes
                0x0000000000000052       0x34 ./Core/Src/main.o
 .ARM.attributes
                0x0000000000000086       0x34 ./Core/Src/stm32g4xx_hal_msp.o
 .ARM.attributes
                0x00000000000000ba       0x34 ./Core/Src/stm32g4xx_it.o
 .ARM.attributes
                0x00000000000000ee       0x34 ./Core/Src/system_stm32g4xx.o
 .ARM.attributes
                0x0000000000000122       0x21 ./Core/Startup/startup_stm32g474retx.o
 .ARM.attributes
                0x0000000000000143       0x34 ./Drivers/STM32G4xx_HAL_Driver/Src/stm32g4xx_hal.o
 .ARM.attributes
                0x0000000000000177       0x34 ./Drivers/STM32G4xx_HAL_Driver/Src/stm32g4xx_hal_adc.o
 .ARM.attributes
                0x00000000000001ab       0x34 ./Drivers/STM32G4xx_HAL_Driver/Src/stm32g4xx_hal_adc_ex.o
 .ARM.attributes
                0x00000000000001df       0x34 ./Drivers/STM32G4xx_HAL_Driver/Src/stm32g4xx_hal_cortex.o
 .ARM.attributes
                0x0000000000000213       0x34 ./Drivers/STM32G4xx_HAL_Driver/Src/stm32g4xx_hal_dma.o
 .ARM.attributes
                0x0000000000000247       0x34 ./Drivers/STM32G4xx_HAL_Driver/Src/stm32g4xx_hal_gpio.o
 .ARM.attributes
                0x000000000000027b       0x34 ./Drivers/STM32G4xx_HAL_Driver/Src/stm32g4xx_hal_pwr_ex.o
 .ARM.attributes
                0x00000000000002af       0x34 ./Drivers/STM32G4xx_HAL_Driver/Src/stm32g4xx_hal_rcc.o
 .ARM.attributes
                0x00000000000002e3       0x34 ./Drivers/STM32G4xx_HAL_Driver/Src/stm32g4xx_hal_rcc_ex.o
 .ARM.attributes
                0x0000000000000317       0x34 ./Drivers/STM32G4xx_HAL_Driver/Src/stm32g4xx_hal_tim.o
 .ARM.attributes
                0x000000000000034b       0x34 ./Drivers/STM32G4xx_HAL_Driver/Src/stm32g4xx_hal_tim_ex.o
 .ARM.attributes
                0x000000000000037f       0x34 ./Drivers/STM32G4xx_HAL_Driver/Src/stm32g4xx_hal_uart.o
 .ARM.attributes
                0x00000000000003b3       0x34 ./Drivers/STM32G4xx_HAL_Driver/Src/stm32g4xx_hal_uart_ex.o
 .ARM.attributes
                0x00000000000003e7       0x34 /Applications/STM32CubeIDE.app/Contents/Eclipse/plugins/com.st.stm32cube.ide.mcu.externaltools.gnu-tools-for-stm32.11.3.rel1.macos64_1.1.100.202310310803/tools/bin/../lib/gcc/arm-none-eabi/11.3.1/../../../../arm-none-eabi/lib/thumb/v7e-m+fp/hard/libc_nano.a(libc_a-memset.o)
 .ARM.attributes
                0x000000000000041b       0x34 /Applications/STM32CubeIDE.app/Contents/Eclipse/plugins/com.st.stm32cube.ide.mcu.externaltools.gnu-tools-for-stm32.11.3.rel1.macos64_1.1.100.202310310803/tools/bin/../lib/gcc/arm-none-eabi/11.3.1/../../../../arm-none-eabi/lib/thumb/v7e-m+fp/hard/libc_nano.a(libc_a-init.o)
 .ARM.attributes
                0x000000000000044f       0x1e /Applications/STM32CubeIDE.app/Contents/Eclipse/plugins/com.st.stm32cube.ide.mcu.externaltools.gnu-tools-for-stm32.11.3.rel1.macos64_1.1.100.202310310803/tools/bin/../lib/gcc/arm-none-eabi/11.3.1/thumb/v7e-m+fp/hard/libgcc.a(_aeabi_uldivmod.o)
 .ARM.attributes
                0x000000000000046d       0x34 /Applications/STM32CubeIDE.app/Contents/Eclipse/plugins/com.st.stm32cube.ide.mcu.externaltools.gnu-tools-for-stm32.11.3.rel1.macos64_1.1.100.202310310803/tools/bin/../lib/gcc/arm-none-eabi/11.3.1/thumb/v7e-m+fp/hard/libgcc.a(_udivmoddi4.o)
 .ARM.attributes
                0x00000000000004a1       0x1e /Applications/STM32CubeIDE.app/Contents/Eclipse/plugins/com.st.stm32cube.ide.mcu.externaltools.gnu-tools-for-stm32.11.3.rel1.macos64_1.1.100.202310310803/tools/bin/../lib/gcc/arm-none-eabi/11.3.1/thumb/v7e-m+fp/hard/libgcc.a(_dvmd_tls.o)
 .ARM.attributes
                0x00000000000004bf       0x1e /Applications/STM32CubeIDE.app/Contents/Eclipse/plugins/com.st.stm32cube.ide.mcu.externaltools.gnu-tools-for-stm32.11.3.rel1.macos64_1.1.100.202310310803/tools/bin/../lib/gcc/arm-none-eabi/11.3.1/thumb/v7e-m+fp/hard/crtn.o
OUTPUT(micro_con_lab1.elf elf32-littlearm)
LOAD linker stubs
LOAD /Applications/STM32CubeIDE.app/Contents/Eclipse/plugins/com.st.stm32cube.ide.mcu.externaltools.gnu-tools-for-stm32.11.3.rel1.macos64_1.1.100.202310310803/tools/bin/../lib/gcc/arm-none-eabi/11.3.1/../../../../arm-none-eabi/lib/thumb/v7e-m+fp/hard/libc.a
LOAD /Applications/STM32CubeIDE.app/Contents/Eclipse/plugins/com.st.stm32cube.ide.mcu.externaltools.gnu-tools-for-stm32.11.3.rel1.macos64_1.1.100.202310310803/tools/bin/../lib/gcc/arm-none-eabi/11.3.1/../../../../arm-none-eabi/lib/thumb/v7e-m+fp/hard/libm.a
LOAD /Applications/STM32CubeIDE.app/Contents/Eclipse/plugins/com.st.stm32cube.ide.mcu.externaltools.gnu-tools-for-stm32.11.3.rel1.macos64_1.1.100.202310310803/tools/bin/../lib/gcc/arm-none-eabi/11.3.1/thumb/v7e-m+fp/hard/libgcc.a

.comment        0x0000000000000000       0x43
 .comment       0x0000000000000000       0x43 /Applications/STM32CubeIDE.app/Contents/Eclipse/plugins/com.st.stm32cube.ide.mcu.externaltools.gnu-tools-for-stm32.11.3.rel1.macos64_1.1.100.202310310803/tools/bin/../lib/gcc/arm-none-eabi/11.3.1/thumb/v7e-m+fp/hard/crtbegin.o
                                         0x44 (size before relaxing)
 .comment       0x0000000000000043       0x44 ./Core/Src/main.o
 .comment       0x0000000000000043       0x44 ./Core/Src/stm32g4xx_hal_msp.o
 .comment       0x0000000000000043       0x44 ./Core/Src/stm32g4xx_it.o
 .comment       0x0000000000000043       0x44 ./Core/Src/system_stm32g4xx.o
 .comment       0x0000000000000043       0x44 ./Drivers/STM32G4xx_HAL_Driver/Src/stm32g4xx_hal.o
 .comment       0x0000000000000043       0x44 ./Drivers/STM32G4xx_HAL_Driver/Src/stm32g4xx_hal_adc.o
 .comment       0x0000000000000043       0x44 ./Drivers/STM32G4xx_HAL_Driver/Src/stm32g4xx_hal_adc_ex.o
 .comment       0x0000000000000043       0x44 ./Drivers/STM32G4xx_HAL_Driver/Src/stm32g4xx_hal_cortex.o
 .comment       0x0000000000000043       0x44 ./Drivers/STM32G4xx_HAL_Driver/Src/stm32g4xx_hal_dma.o
 .comment       0x0000000000000043       0x44 ./Drivers/STM32G4xx_HAL_Driver/Src/stm32g4xx_hal_gpio.o
 .comment       0x0000000000000043       0x44 ./Drivers/STM32G4xx_HAL_Driver/Src/stm32g4xx_hal_pwr_ex.o
 .comment       0x0000000000000043       0x44 ./Drivers/STM32G4xx_HAL_Driver/Src/stm32g4xx_hal_rcc.o
 .comment       0x0000000000000043       0x44 ./Drivers/STM32G4xx_HAL_Driver/Src/stm32g4xx_hal_rcc_ex.o
 .comment       0x0000000000000043       0x44 ./Drivers/STM32G4xx_HAL_Driver/Src/stm32g4xx_hal_tim.o
 .comment       0x0000000000000043       0x44 ./Drivers/STM32G4xx_HAL_Driver/Src/stm32g4xx_hal_tim_ex.o
 .comment       0x0000000000000043       0x44 ./Drivers/STM32G4xx_HAL_Driver/Src/stm32g4xx_hal_uart.o
 .comment       0x0000000000000043       0x44 ./Drivers/STM32G4xx_HAL_Driver/Src/stm32g4xx_hal_uart_ex.o

.debug_info     0x0000000000000000    0x16950
 .debug_info    0x0000000000000000     0x1dd2 ./Core/Src/main.o
 .debug_info    0x0000000000001dd2     0x16f3 ./Core/Src/stm32g4xx_hal_msp.o
 .debug_info    0x00000000000034c5      0x4ad ./Core/Src/stm32g4xx_it.o
 .debug_info    0x0000000000003972      0x58e ./Core/Src/system_stm32g4xx.o
 .debug_info    0x0000000000003f00       0x23 ./Core/Startup/startup_stm32g474retx.o
 .debug_info    0x0000000000003f23      0xb95 ./Drivers/STM32G4xx_HAL_Driver/Src/stm32g4xx_hal.o
 .debug_info    0x0000000000004ab8     0x2063 ./Drivers/STM32G4xx_HAL_Driver/Src/stm32g4xx_hal_adc.o
 .debug_info    0x0000000000006b1b     0x1d80 ./Drivers/STM32G4xx_HAL_Driver/Src/stm32g4xx_hal_adc_ex.o
 .debug_info    0x000000000000889b      0xdad ./Drivers/STM32G4xx_HAL_Driver/Src/stm32g4xx_hal_cortex.o
 .debug_info    0x0000000000009648      0x85f ./Drivers/STM32G4xx_HAL_Driver/Src/stm32g4xx_hal_dma.o
 .debug_info    0x0000000000009ea7      0x763 ./Drivers/STM32G4xx_HAL_Driver/Src/stm32g4xx_hal_gpio.o
 .debug_info    0x000000000000a60a      0x93f ./Drivers/STM32G4xx_HAL_Driver/Src/stm32g4xx_hal_pwr_ex.o
 .debug_info    0x000000000000af49      0xbe0 ./Drivers/STM32G4xx_HAL_Driver/Src/stm32g4xx_hal_rcc.o
 .debug_info    0x000000000000bb29      0xc45 ./Drivers/STM32G4xx_HAL_Driver/Src/stm32g4xx_hal_rcc_ex.o
 .debug_info    0x000000000000c76e     0x2c52 ./Drivers/STM32G4xx_HAL_Driver/Src/stm32g4xx_hal_tim.o
 .debug_info    0x000000000000f3c0     0x1d95 ./Drivers/STM32G4xx_HAL_Driver/Src/stm32g4xx_hal_tim_ex.o
 .debug_info    0x0000000000011155     0x481e ./Drivers/STM32G4xx_HAL_Driver/Src/stm32g4xx_hal_uart.o
 .debug_info    0x0000000000015973      0xfdd ./Drivers/STM32G4xx_HAL_Driver/Src/stm32g4xx_hal_uart_ex.o

.debug_abbrev   0x0000000000000000     0x2991
 .debug_abbrev  0x0000000000000000      0x2f2 ./Core/Src/main.o
 .debug_abbrev  0x00000000000002f2      0x27f ./Core/Src/stm32g4xx_hal_msp.o
 .debug_abbrev  0x0000000000000571      0x16a ./Core/Src/stm32g4xx_it.o
 .debug_abbrev  0x00000000000006db      0x11a ./Core/Src/system_stm32g4xx.o
 .debug_abbrev  0x00000000000007f5       0x12 ./Core/Startup/startup_stm32g474retx.o
 .debug_abbrev  0x0000000000000807      0x271 ./Drivers/STM32G4xx_HAL_Driver/Src/stm32g4xx_hal.o
 .debug_abbrev  0x0000000000000a78      0x2d3 ./Drivers/STM32G4xx_HAL_Driver/Src/stm32g4xx_hal_adc.o
 .debug_abbrev  0x0000000000000d4b      0x2ee ./Drivers/STM32G4xx_HAL_Driver/Src/stm32g4xx_hal_adc_ex.o
 .debug_abbrev  0x0000000000001039      0x31c ./Drivers/STM32G4xx_HAL_Driver/Src/stm32g4xx_hal_cortex.o
 .debug_abbrev  0x0000000000001355      0x1e2 ./Drivers/STM32G4xx_HAL_Driver/Src/stm32g4xx_hal_dma.o
 .debug_abbrev  0x0000000000001537      0x1cb ./Drivers/STM32G4xx_HAL_Driver/Src/stm32g4xx_hal_gpio.o
 .debug_abbrev  0x0000000000001702      0x22c ./Drivers/STM32G4xx_HAL_Driver/Src/stm32g4xx_hal_pwr_ex.o
 .debug_abbrev  0x000000000000192e      0x2c9 ./Drivers/STM32G4xx_HAL_Driver/Src/stm32g4xx_hal_rcc.o
 .debug_abbrev  0x0000000000001bf7      0x258 ./Drivers/STM32G4xx_HAL_Driver/Src/stm32g4xx_hal_rcc_ex.o
 .debug_abbrev  0x0000000000001e4f      0x2a7 ./Drivers/STM32G4xx_HAL_Driver/Src/stm32g4xx_hal_tim.o
 .debug_abbrev  0x00000000000020f6      0x2c5 ./Drivers/STM32G4xx_HAL_Driver/Src/stm32g4xx_hal_tim_ex.o
 .debug_abbrev  0x00000000000023bb      0x304 ./Drivers/STM32G4xx_HAL_Driver/Src/stm32g4xx_hal_uart.o
 .debug_abbrev  0x00000000000026bf      0x2d2 ./Drivers/STM32G4xx_HAL_Driver/Src/stm32g4xx_hal_uart_ex.o

.debug_aranges  0x0000000000000000     0x1450
 .debug_aranges
                0x0000000000000000       0x58 ./Core/Src/main.o
 .debug_aranges
                0x0000000000000058       0x50 ./Core/Src/stm32g4xx_hal_msp.o
 .debug_aranges
                0x00000000000000a8       0x70 ./Core/Src/stm32g4xx_it.o
 .debug_aranges
                0x0000000000000118       0x28 ./Core/Src/system_stm32g4xx.o
 .debug_aranges
                0x0000000000000140       0x28 ./Core/Startup/startup_stm32g474retx.o
 .debug_aranges
                0x0000000000000168      0x148 ./Drivers/STM32G4xx_HAL_Driver/Src/stm32g4xx_hal.o
 .debug_aranges
                0x00000000000002b0      0x248 ./Drivers/STM32G4xx_HAL_Driver/Src/stm32g4xx_hal_adc.o
 .debug_aranges
                0x00000000000004f8      0x1c0 ./Drivers/STM32G4xx_HAL_Driver/Src/stm32g4xx_hal_adc_ex.o
 .debug_aranges
                0x00000000000006b8      0x118 ./Drivers/STM32G4xx_HAL_Driver/Src/stm32g4xx_hal_cortex.o
 .debug_aranges
                0x00000000000007d0       0x90 ./Drivers/STM32G4xx_HAL_Driver/Src/stm32g4xx_hal_dma.o
 .debug_aranges
                0x0000000000000860       0x58 ./Drivers/STM32G4xx_HAL_Driver/Src/stm32g4xx_hal_gpio.o
 .debug_aranges
                0x00000000000008b8      0x140 ./Drivers/STM32G4xx_HAL_Driver/Src/stm32g4xx_hal_pwr_ex.o
 .debug_aranges
                0x00000000000009f8       0x98 ./Drivers/STM32G4xx_HAL_Driver/Src/stm32g4xx_hal_rcc.o
 .debug_aranges
                0x0000000000000a90       0xb0 ./Drivers/STM32G4xx_HAL_Driver/Src/stm32g4xx_hal_rcc_ex.o
 .debug_aranges
                0x0000000000000b40      0x3e0 ./Drivers/STM32G4xx_HAL_Driver/Src/stm32g4xx_hal_tim.o
 .debug_aranges
                0x0000000000000f20      0x240 ./Drivers/STM32G4xx_HAL_Driver/Src/stm32g4xx_hal_tim_ex.o
 .debug_aranges
                0x0000000000001160      0x248 ./Drivers/STM32G4xx_HAL_Driver/Src/stm32g4xx_hal_uart.o
 .debug_aranges
                0x00000000000013a8       0xa8 ./Drivers/STM32G4xx_HAL_Driver/Src/stm32g4xx_hal_uart_ex.o

.debug_rnglists
                0x0000000000000000      0xfe0
 .debug_rnglists
                0x0000000000000000       0x43 ./Core/Src/main.o
 .debug_rnglists
                0x0000000000000043       0x39 ./Core/Src/stm32g4xx_hal_msp.o
 .debug_rnglists
                0x000000000000007c       0x4f ./Core/Src/stm32g4xx_it.o
 .debug_rnglists
                0x00000000000000cb       0x1a ./Core/Src/system_stm32g4xx.o
 .debug_rnglists
                0x00000000000000e5       0x19 ./Core/Startup/startup_stm32g474retx.o
 .debug_rnglists
                0x00000000000000fe       0xf1 ./Drivers/STM32G4xx_HAL_Driver/Src/stm32g4xx_hal.o
 .debug_rnglists
                0x00000000000001ef      0x1c0 ./Drivers/STM32G4xx_HAL_Driver/Src/stm32g4xx_hal_adc.o
 .debug_rnglists
                0x00000000000003af      0x15a ./Drivers/STM32G4xx_HAL_Driver/Src/stm32g4xx_hal_adc_ex.o
 .debug_rnglists
                0x0000000000000509       0xce ./Drivers/STM32G4xx_HAL_Driver/Src/stm32g4xx_hal_cortex.o
 .debug_rnglists
                0x00000000000005d7       0x71 ./Drivers/STM32G4xx_HAL_Driver/Src/stm32g4xx_hal_dma.o
 .debug_rnglists
                0x0000000000000648       0x3f ./Drivers/STM32G4xx_HAL_Driver/Src/stm32g4xx_hal_gpio.o
 .debug_rnglists
                0x0000000000000687       0xf1 ./Drivers/STM32G4xx_HAL_Driver/Src/stm32g4xx_hal_pwr_ex.o
 .debug_rnglists
                0x0000000000000778       0x74 ./Drivers/STM32G4xx_HAL_Driver/Src/stm32g4xx_hal_rcc.o
 .debug_rnglists
                0x00000000000007ec       0x87 ./Drivers/STM32G4xx_HAL_Driver/Src/stm32g4xx_hal_rcc_ex.o
 .debug_rnglists
                0x0000000000000873      0x328 ./Drivers/STM32G4xx_HAL_Driver/Src/stm32g4xx_hal_tim.o
 .debug_rnglists
                0x0000000000000b9b      0x1cc ./Drivers/STM32G4xx_HAL_Driver/Src/stm32g4xx_hal_tim_ex.o
 .debug_rnglists
                0x0000000000000d67      0x1fa ./Drivers/STM32G4xx_HAL_Driver/Src/stm32g4xx_hal_uart.o
 .debug_rnglists
                0x0000000000000f61       0x7f ./Drivers/STM32G4xx_HAL_Driver/Src/stm32g4xx_hal_uart_ex.o

.debug_macro    0x0000000000000000    0x27a3a
 .debug_macro   0x0000000000000000      0x200 ./Core/Src/main.o
 .debug_macro   0x0000000000000200      0xaa8 ./Core/Src/main.o
 .debug_macro   0x0000000000000ca8      0x161 ./Core/Src/main.o
 .debug_macro   0x0000000000000e09       0x2e ./Core/Src/main.o
 .debug_macro   0x0000000000000e37       0x28 ./Core/Src/main.o
 .debug_macro   0x0000000000000e5f       0x22 ./Core/Src/main.o
 .debug_macro   0x0000000000000e81       0x8e ./Core/Src/main.o
 .debug_macro   0x0000000000000f0f       0x51 ./Core/Src/main.o
 .debug_macro   0x0000000000000f60      0x103 ./Core/Src/main.o
 .debug_macro   0x0000000000001063       0x6a ./Core/Src/main.o
 .debug_macro   0x00000000000010cd      0x1df ./Core/Src/main.o
 .debug_macro   0x00000000000012ac       0x1c ./Core/Src/main.o
 .debug_macro   0x00000000000012c8       0x22 ./Core/Src/main.o
 .debug_macro   0x00000000000012ea       0xfb ./Core/Src/main.o
 .debug_macro   0x00000000000013e5     0x1011 ./Core/Src/main.o
 .debug_macro   0x00000000000023f6      0x11f ./Core/Src/main.o
 .debug_macro   0x0000000000002515    0x18b45 ./Core/Src/main.o
 .debug_macro   0x000000000001b05a       0x6d ./Core/Src/main.o
 .debug_macro   0x000000000001b0c7     0x354d ./Core/Src/main.o
 .debug_macro   0x000000000001e614      0x174 ./Core/Src/main.o
 .debug_macro   0x000000000001e788       0x5c ./Core/Src/main.o
 .debug_macro   0x000000000001e7e4     0x171f ./Core/Src/main.o
 .debug_macro   0x000000000001ff03      0x600 ./Core/Src/main.o
 .debug_macro   0x0000000000020503      0x1b6 ./Core/Src/main.o
 .debug_macro   0x00000000000206b9      0x34a ./Core/Src/main.o
 .debug_macro   0x0000000000020a03      0x53c ./Core/Src/main.o
 .debug_macro   0x0000000000020f3f      0x18b ./Core/Src/main.o
 .debug_macro   0x00000000000210ca       0x43 ./Core/Src/main.o
 .debug_macro   0x000000000002110d      0x23d ./Core/Src/main.o
 .debug_macro   0x000000000002134a     0x1112 ./Core/Src/main.o
 .debug_macro   0x000000000002245c      0x72e ./Core/Src/main.o
 .debug_macro   0x0000000000022b8a      0x391 ./Core/Src/main.o
 .debug_macro   0x0000000000022f1b      0x211 ./Core/Src/main.o
 .debug_macro   0x000000000002312c      0x45c ./Core/Src/main.o
 .debug_macro   0x0000000000023588      0x11c ./Core/Src/main.o
 .debug_macro   0x00000000000236a4      0x122 ./Core/Src/main.o
 .debug_macro   0x00000000000237c6      0x3d1 ./Core/Src/main.o
 .debug_macro   0x0000000000023b97      0xc0b ./Core/Src/main.o
 .debug_macro   0x00000000000247a2      0x718 ./Core/Src/main.o
 .debug_macro   0x0000000000024eba      0x693 ./Core/Src/main.o
 .debug_macro   0x000000000002554d       0xa6 ./Core/Src/main.o
 .debug_macro   0x00000000000255f3      0x358 ./Core/Src/main.o
 .debug_macro   0x000000000002594b       0x5e ./Core/Src/main.o
 .debug_macro   0x00000000000259a9      0x200 ./Core/Src/stm32g4xx_hal_msp.o
 .debug_macro   0x0000000000025ba9      0x20a ./Core/Src/stm32g4xx_it.o
 .debug_macro   0x0000000000025db3      0x1f1 ./Core/Src/system_stm32g4xx.o
 .debug_macro   0x0000000000025fa4      0x23f ./Drivers/STM32G4xx_HAL_Driver/Src/stm32g4xx_hal.o
 .debug_macro   0x00000000000261e3      0x20e ./Drivers/STM32G4xx_HAL_Driver/Src/stm32g4xx_hal_adc.o
 .debug_macro   0x00000000000263f1      0x1fd ./Drivers/STM32G4xx_HAL_Driver/Src/stm32g4xx_hal_adc_ex.o
 .debug_macro   0x00000000000265ee      0x1f1 ./Drivers/STM32G4xx_HAL_Driver/Src/stm32g4xx_hal_cortex.o
 .debug_macro   0x00000000000267df      0x1f1 ./Drivers/STM32G4xx_HAL_Driver/Src/stm32g4xx_hal_dma.o
 .debug_macro   0x00000000000269d0      0x1f8 ./Drivers/STM32G4xx_HAL_Driver/Src/stm32g4xx_hal_gpio.o
 .debug_macro   0x0000000000026bc8      0x21b ./Drivers/STM32G4xx_HAL_Driver/Src/stm32g4xx_hal_pwr_ex.o
 .debug_macro   0x0000000000026de3      0x233 ./Drivers/STM32G4xx_HAL_Driver/Src/stm32g4xx_hal_rcc.o
 .debug_macro   0x0000000000027016      0x21b ./Drivers/STM32G4xx_HAL_Driver/Src/stm32g4xx_hal_rcc_ex.o
 .debug_macro   0x0000000000027231      0x1f9 ./Drivers/STM32G4xx_HAL_Driver/Src/stm32g4xx_hal_tim.o
 .debug_macro   0x000000000002742a      0x1f7 ./Drivers/STM32G4xx_HAL_Driver/Src/stm32g4xx_hal_tim_ex.o
 .debug_macro   0x0000000000027621      0x21c ./Drivers/STM32G4xx_HAL_Driver/Src/stm32g4xx_hal_uart.o
 .debug_macro   0x000000000002783d      0x1fd ./Drivers/STM32G4xx_HAL_Driver/Src/stm32g4xx_hal_uart_ex.o

.debug_line     0x0000000000000000    0x16c87
 .debug_line    0x0000000000000000      0x9b0 ./Core/Src/main.o
 .debug_line    0x00000000000009b0      0x86d ./Core/Src/stm32g4xx_hal_msp.o
 .debug_line    0x000000000000121d      0x838 ./Core/Src/stm32g4xx_it.o
 .debug_line    0x0000000000001a55      0x7af ./Core/Src/system_stm32g4xx.o
 .debug_line    0x0000000000002204       0x7b ./Core/Startup/startup_stm32g474retx.o
 .debug_line    0x000000000000227f      0xb6e ./Drivers/STM32G4xx_HAL_Driver/Src/stm32g4xx_hal.o
 .debug_line    0x0000000000002ded     0x2283 ./Drivers/STM32G4xx_HAL_Driver/Src/stm32g4xx_hal_adc.o
 .debug_line    0x0000000000005070     0x1c25 ./Drivers/STM32G4xx_HAL_Driver/Src/stm32g4xx_hal_adc_ex.o
 .debug_line    0x0000000000006c95      0xcd9 ./Drivers/STM32G4xx_HAL_Driver/Src/stm32g4xx_hal_cortex.o
 .debug_line    0x000000000000796e      0xe92 ./Drivers/STM32G4xx_HAL_Driver/Src/stm32g4xx_hal_dma.o
 .debug_line    0x0000000000008800      0xb69 ./Drivers/STM32G4xx_HAL_Driver/Src/stm32g4xx_hal_gpio.o
 .debug_line    0x0000000000009369      0xcdd ./Drivers/STM32G4xx_HAL_Driver/Src/stm32g4xx_hal_pwr_ex.o
 .debug_line    0x000000000000a046      0xf36 ./Drivers/STM32G4xx_HAL_Driver/Src/stm32g4xx_hal_rcc.o
 .debug_line    0x000000000000af7c     0x1249 ./Drivers/STM32G4xx_HAL_Driver/Src/stm32g4xx_hal_rcc_ex.o
 .debug_line    0x000000000000c1c5     0x400a ./Drivers/STM32G4xx_HAL_Driver/Src/stm32g4xx_hal_tim.o
 .debug_line    0x00000000000101cf     0x2171 ./Drivers/STM32G4xx_HAL_Driver/Src/stm32g4xx_hal_tim_ex.o
 .debug_line    0x0000000000012340     0x3bb6 ./Drivers/STM32G4xx_HAL_Driver/Src/stm32g4xx_hal_uart.o
 .debug_line    0x0000000000015ef6      0xd91 ./Drivers/STM32G4xx_HAL_Driver/Src/stm32g4xx_hal_uart_ex.o

.debug_str      0x0000000000000000   0x10e9c0
 .debug_str     0x0000000000000000   0x1094d7 ./Core/Src/main.o
                                     0x109bf4 (size before relaxing)
 .debug_str     0x00000000001094d7      0x2df ./Core/Src/stm32g4xx_hal_msp.o
                                     0x109366 (size before relaxing)
 .debug_str     0x00000000001097b6      0x123 ./Core/Src/stm32g4xx_it.o
                                     0x108773 (size before relaxing)
 .debug_str     0x00000000001098d9       0xdb ./Core/Src/system_stm32g4xx.o
                                     0x10842f (size before relaxing)
 .debug_str     0x00000000001099b4       0x34 ./Core/Startup/startup_stm32g474retx.o
                                         0x7a (size before relaxing)
 .debug_str     0x00000000001099e8      0x5dd ./Drivers/STM32G4xx_HAL_Driver/Src/stm32g4xx_hal.o
                                     0x109141 (size before relaxing)
 .debug_str     0x0000000000109fc5      0xaf2 ./Drivers/STM32G4xx_HAL_Driver/Src/stm32g4xx_hal_adc.o
                                     0x10945c (size before relaxing)
 .debug_str     0x000000000010aab7      0x691 ./Drivers/STM32G4xx_HAL_Driver/Src/stm32g4xx_hal_adc_ex.o
                                     0x109402 (size before relaxing)
 .debug_str     0x000000000010b148      0x331 ./Drivers/STM32G4xx_HAL_Driver/Src/stm32g4xx_hal_cortex.o
                                     0x108dc5 (size before relaxing)
 .debug_str     0x000000000010b479      0x280 ./Drivers/STM32G4xx_HAL_Driver/Src/stm32g4xx_hal_dma.o
                                     0x108809 (size before relaxing)
 .debug_str     0x000000000010b6f9      0x10a ./Drivers/STM32G4xx_HAL_Driver/Src/stm32g4xx_hal_gpio.o
                                     0x1085ba (size before relaxing)
 .debug_str     0x000000000010b803      0x495 ./Drivers/STM32G4xx_HAL_Driver/Src/stm32g4xx_hal_pwr_ex.o
                                     0x10891d (size before relaxing)
 .debug_str     0x000000000010bc98      0x506 ./Drivers/STM32G4xx_HAL_Driver/Src/stm32g4xx_hal_rcc.o
                                     0x108b4e (size before relaxing)
 .debug_str     0x000000000010c19e      0x40b ./Drivers/STM32G4xx_HAL_Driver/Src/stm32g4xx_hal_rcc_ex.o
                                     0x108b78 (size before relaxing)
 .debug_str     0x000000000010c5a9      0xf0d ./Drivers/STM32G4xx_HAL_Driver/Src/stm32g4xx_hal_tim.o
                                     0x10992d (size before relaxing)
 .debug_str     0x000000000010d4b6      0x8f7 ./Drivers/STM32G4xx_HAL_Driver/Src/stm32g4xx_hal_tim_ex.o
                                     0x1095a1 (size before relaxing)
 .debug_str     0x000000000010ddad      0x9af ./Drivers/STM32G4xx_HAL_Driver/Src/stm32g4xx_hal_uart.o
                                     0x1093ea (size before relaxing)
 .debug_str     0x000000000010e75c      0x264 ./Drivers/STM32G4xx_HAL_Driver/Src/stm32g4xx_hal_uart_ex.o
                                     0x108be8 (size before relaxing)

.debug_frame    0x0000000000000000     0x5860
 .debug_frame   0x0000000000000000      0x124 ./Core/Src/main.o
 .debug_frame   0x0000000000000124      0x11c ./Core/Src/stm32g4xx_hal_msp.o
 .debug_frame   0x0000000000000240      0x13c ./Core/Src/stm32g4xx_it.o
 .debug_frame   0x000000000000037c       0x58 ./Core/Src/system_stm32g4xx.o
 .debug_frame   0x00000000000003d4      0x500 ./Drivers/STM32G4xx_HAL_Driver/Src/stm32g4xx_hal.o
 .debug_frame   0x00000000000008d4      0xacc ./Drivers/STM32G4xx_HAL_Driver/Src/stm32g4xx_hal_adc.o
 .debug_frame   0x00000000000013a0      0x81c ./Drivers/STM32G4xx_HAL_Driver/Src/stm32g4xx_hal_adc_ex.o
 .debug_frame   0x0000000000001bbc      0x498 ./Drivers/STM32G4xx_HAL_Driver/Src/stm32g4xx_hal_cortex.o
 .debug_frame   0x0000000000002054      0x24c ./Drivers/STM32G4xx_HAL_Driver/Src/stm32g4xx_hal_dma.o
 .debug_frame   0x00000000000022a0      0x14c ./Drivers/STM32G4xx_HAL_Driver/Src/stm32g4xx_hal_gpio.o
 .debug_frame   0x00000000000023ec      0x4fc ./Drivers/STM32G4xx_HAL_Driver/Src/stm32g4xx_hal_pwr_ex.o
 .debug_frame   0x00000000000028e8      0x23c ./Drivers/STM32G4xx_HAL_Driver/Src/stm32g4xx_hal_rcc.o
 .debug_frame   0x0000000000002b24      0x2ac ./Drivers/STM32G4xx_HAL_Driver/Src/stm32g4xx_hal_rcc_ex.o
 .debug_frame   0x0000000000002dd0     0x1220 ./Drivers/STM32G4xx_HAL_Driver/Src/stm32g4xx_hal_tim.o
 .debug_frame   0x0000000000003ff0      0xa70 ./Drivers/STM32G4xx_HAL_Driver/Src/stm32g4xx_hal_tim_ex.o
 .debug_frame   0x0000000000004a60      0xa94 ./Drivers/STM32G4xx_HAL_Driver/Src/stm32g4xx_hal_uart.o
 .debug_frame   0x00000000000054f4      0x2c0 ./Drivers/STM32G4xx_HAL_Driver/Src/stm32g4xx_hal_uart_ex.o
 .debug_frame   0x00000000000057b4       0x20 /Applications/STM32CubeIDE.app/Contents/Eclipse/plugins/com.st.stm32cube.ide.mcu.externaltools.gnu-tools-for-stm32.11.3.rel1.macos64_1.1.100.202310310803/tools/bin/../lib/gcc/arm-none-eabi/11.3.1/../../../../arm-none-eabi/lib/thumb/v7e-m+fp/hard/libc_nano.a(libc_a-memset.o)
 .debug_frame   0x00000000000057d4       0x2c /Applications/STM32CubeIDE.app/Contents/Eclipse/plugins/com.st.stm32cube.ide.mcu.externaltools.gnu-tools-for-stm32.11.3.rel1.macos64_1.1.100.202310310803/tools/bin/../lib/gcc/arm-none-eabi/11.3.1/../../../../arm-none-eabi/lib/thumb/v7e-m+fp/hard/libc_nano.a(libc_a-init.o)
 .debug_frame   0x0000000000005800       0x2c /Applications/STM32CubeIDE.app/Contents/Eclipse/plugins/com.st.stm32cube.ide.mcu.externaltools.gnu-tools-for-stm32.11.3.rel1.macos64_1.1.100.202310310803/tools/bin/../lib/gcc/arm-none-eabi/11.3.1/thumb/v7e-m+fp/hard/libgcc.a(_aeabi_uldivmod.o)
 .debug_frame   0x000000000000582c       0x34 /Applications/STM32CubeIDE.app/Contents/Eclipse/plugins/com.st.stm32cube.ide.mcu.externaltools.gnu-tools-for-stm32.11.3.rel1.macos64_1.1.100.202310310803/tools/bin/../lib/gcc/arm-none-eabi/11.3.1/thumb/v7e-m+fp/hard/libgcc.a(_udivmoddi4.o)

.debug_line_str
                0x0000000000000000       0x6e
 .debug_line_str
                0x0000000000000000       0x6e ./Core/Startup/startup_stm32g474retx.o
                                         0x86 (size before relaxing)
